# SPDX-License-Identifier: Apache-2.0
# SPDX-FileCopyrightText: 2022-2023 Marko Lindqvist <marko.lindqvist@unikie.com>
# SPDX-FileCopyrightText: 2022-2023 Unikie
# SPDX-FileCopyrightText: 2022-2023 Technology Innovation Institute (TII)

# List of packages to install in the setup phase

# These gnu.org packages are needed to build the tools that would
# make downloading from gnu.org possible, at least by the method
# that nixpkgs recipes for them use.
/nix/store/wp9v6jcv4vdxp8vwrfsb3q6qfalf2n5l-libunistring-1.0.tar.gz
/nix/store/x4jhvxj104vdciivf1zvijncyd4rd3dp-mpc-1.2.1.tar.gz
/nix/store/349f140sh7m12vy9mp1wkp58axyp06c9-which-2.21.tar.gz
/nix/store/7abps0dar1gd6ljcmlic31q0517hfapp-libidn2-2.3.2.tar.gz
/nix/store/rdrb9ygp0naf6zil2lsqmbf1c6n40d8g-make-4.3.tar.gz
/nix/store/ck70x6hdl1kgqa4a9ps8spw6ph9mfcj8-libtool-2.4.7.tar.gz
/nix/store/5sgii519481kdsdg9kk027jlr7z641wd-bash-5.1.tar.gz
/nix/store/s1bb06rzbxlvq08sg0ymwdgcgd1a7xh3-gettext-0.21.tar.gz
/nix/store/9vm1ihdg1ysmrjdbb80g834iizzxb4yk-bison-3.8.2.tar.gz
/nix/store/0xiwj5b1vsxpzvqw2y16x86ya4k2f36p-ncurses-6.3-20220507.tgz


# Other files failing to download on from-scratch build
/nix/store/byib83r321c1fjgdk37kai1q1zxncra7-sys-cdefs.h
/nix/store/06d2xkrl3h1pbyg3m1whz1mvhafqgsqq-source
/nix/store/rnay1kyfxqvjhmk0bfj7g85q6zskk1xy-sys-tree.h
/nix/store/08cgqvix4am7rhgkp6j77mv9k9ia7p7q-CVE-2020-35492.patch
/nix/store/ah9gyp7rxak9ig2q829myn6172jn302f-hack-font-3.003
/nix/store/n47nsa09pban4cjhbcapm7a7lp7n1x5k-fira-code-6.2
